
Starting Stage 3 Motor + Dual Elastic Tendon
  motor           = real M1Joint
  motor mode      = velocity
  motor frequency = 1.25 Hz
  tendon k        = 20000 N/m
  tendon c        = 10 Ns/m
  routing         = [0,0,0,1,1]
  tail k          = 0.65 Nm/rad
  caudal          = fixed
  physics         = 4000 Hz
  output          = dual_tendon_motor.csv

[INFO] Welcome to Stonefish 1.6.
[INFO] Window created. OpenGL 4.3 contexts created.
[INFO] Checking GPU capabilities...
[INFO] Number of texture units available: 192
[INFO] Maximum texture size: 32768
[INFO] Maximum number of texture layers: 2048
[INFO] Maximum number of fragment shader uniforms: 4096
[INFO] Setting up OpenGL...
[INFO] Loaded texture from: /usr/local/share/Stonefish/shaders/logo_64.png
[INFO] Initializing rendering pipeline:
[INFO] Loading GUI...
[INFO] Loaded texture from: /usr/local/share/Stonefish/shaders/logo_gray_64.png
[INFO] Loaded texture from: /usr/local/share/Stonefish/shaders/gui.png
[INFO] Initialising OpenGL rendering pipeline...
[INFO] Loading shaders...
[INFO] Loaded texture from: /usr/local/share/Stonefish/shaders/flake.png
[INFO] Initializing simulation:
[INFO] Building scenario...
[INFO] Loaded precomputed atmosphere model (20 wavelengths, 5 scattering orders)

Loading:
  ./data/env/static_pool.scn
[INFO] Scenario parser: Loading scenario from './data/env/static_pool.scn'.
[INFO] Scenario parser: Including file './data/robots/bionic_fish/bionic_fish.scn'
[INFO] Generating ocean waves...
[INFO] Material PoolConcrete (0) created.
[INFO] Material FishNeutral (1) created.
[INFO] Loading geometry from: ./data/robots/bionic_fish/visual/body.obj
[INFO] Loaded mesh with 4032 faces in 0 ms.
[INFO] Loading geometry from: ./data/robots/bionic_fish/physics/body.obj
[INFO] Loaded mesh with 400 faces in 0 ms.
[INFO] Loading geometry from: ./data/robots/bionic_fish/visual/caudal_fin.obj
[INFO] Loaded mesh with 812 faces in 0 ms.
[INFO] Loading geometry from: ./data/robots/bionic_fish/physics/caudal_fin.obj
[INFO] Loaded mesh with 812 faces in 0 ms.
[INFO] Loading geometry from: ./data/robots/bionic_fish/visual/dorsal_fin.obj
[INFO] Loaded mesh with 436 faces in 0 ms.
[INFO] Loading geometry from: ./data/robots/bionic_fish/physics/dorsal_fin.obj
[INFO] Loaded mesh with 436 faces in 0 ms.
[INFO] Loading geometry from: ./data/robots/bionic_fish/visual/left_pectoral.obj
[INFO] Loaded mesh with 1020 faces in 0 ms.
[INFO] Loading geometry from: ./data/robots/bionic_fish/physics/left_pectoral.obj
[INFO] Loaded mesh with 168 faces in 0 ms.
[INFO] Loading geometry from: ./data/robots/bionic_fish/visual/right_pectoral.obj
[INFO] Loaded mesh with 1020 faces in 0 ms.
[INFO] Loading geometry from: ./data/robots/bionic_fish/physics/right_pectoral.obj
[INFO] Loaded mesh with 168 faces in 0 ms.
[INFO] Built multibody link BionicFish/Body (mass[kg]: 5.285; inertia[kgm2]: 0.014, 0.046, 0.047; volume[cm3]: 5300.6)
[INFO] Building kinematic tree of robot 'BionicFish', consisting of 11 links and 10 joints.
[INFO] Joint 1: BionicFish/Body<-->BionicFish/DorsalFin
[INFO] Joint 2: BionicFish/Body<-->BionicFish/RightPectoralFin
[INFO] Joint 3: BionicFish/Body<-->BionicFish/LeftPectoralFin
[INFO] Joint 4: BionicFish/Body<-->BionicFish/Tail0
[INFO] Joint 5: BionicFish/Body<-->BionicFish/MotorShaft
[INFO] Joint 6: BionicFish/Tail0<-->BionicFish/Tail1
[INFO] Joint 7: BionicFish/Tail1<-->BionicFish/Tail2
[INFO] Joint 8: BionicFish/Tail2<-->BionicFish/Tail3
[INFO] Joint 9: BionicFish/Tail3<-->BionicFish/Tail4
[INFO] Joint 10: BionicFish/Tail4<-->BionicFish/CaudalFin
[INFO] Built multibody link BionicFish/DorsalFin (mass[kg]: 0.014; inertia[kgm2]: 0.000, 0.000, 0.000; volume[cm3]: 13.7)
[INFO] Built multibody link BionicFish/RightPectoralFin (mass[kg]: 0.020; inertia[kgm2]: 0.000, 0.000, 0.000; volume[cm3]: 20.1)
[INFO] Built multibody link BionicFish/LeftPectoralFin (mass[kg]: 0.020; inertia[kgm2]: 0.000, 0.000, 0.000; volume[cm3]: 20.1)
[INFO] Built multibody link BionicFish/Tail0 (mass[kg]: 0.018; inertia[kgm2]: 0.000, 0.000, 0.000; volume[cm3]: 13.7)
[INFO] Built multibody link BionicFish/MotorShaft (mass[kg]: 0.065; inertia[kgm2]: 0.000, 0.000, 0.000; volume[cm3]: 0.0)
[INFO] Built multibody link BionicFish/Tail1 (mass[kg]: 0.015; inertia[kgm2]: 0.000, 0.000, 0.000; volume[cm3]: 11.8)
[INFO] Built multibody link BionicFish/Tail2 (mass[kg]: 0.013; inertia[kgm2]: 0.000, 0.000, 0.000; volume[cm3]: 9.8)
[INFO] Built multibody link BionicFish/Tail3 (mass[kg]: 0.011; inertia[kgm2]: 0.000, 0.000, 0.000; volume[cm3]: 7.5)
[INFO] Built multibody link BionicFish/Tail4 (mass[kg]: 0.008; inertia[kgm2]: 0.000, 0.000, 0.000; volume[cm3]: 5.4)
[INFO] Built multibody link BionicFish/CaudalFin (mass[kg]: 0.015; inertia[kgm2]: 0.000, 0.000, 0.000; volume[cm3]: 15.1)

Stage 3 binding:
  motor joint = BionicFish/M1Joint
  motor link  = BionicFish/MotorShaft
  J0 = BionicFish/TailJoint0
  J1 = BionicFish/TailJoint1
  J2 = BionicFish/TailJoint2
  J3 = BionicFish/TailJoint3
  J4 = BionicFish/TailJoint4

Motor enabled:
  mode       = VELOCITY
  target     = 7.85398 rad/s
  frequency  = 1.25 Hz
  max torque = 100 Nm


============================================================
 STAGE 3 - SOURCE-FAITHFUL DUAL ELASTIC TENDON
============================================================
Body                  FIXED
CaudalFin             FIXED TO Tail4
Fluid                 WET / SUBMERGED
Motor                  REAL M1Joint velocity servo
Motor frequency        1.25 Hz
Motor target velocity  7.85398 rad/s
Motor velocity gain    100
Motor max torque       100 Nm
Tendon stiffness       20000 N/m
Tendon damping         10 Ns/m
Routing                [0,0,0,1,1]
Tail hinge k           0.65 Nm/rad
Tail hinge c           0.0 Nms/rad
CSV                    dual_tendon_motor.csv
============================================================

[INFO] Finalizing OpenGL rendering pipeline...
[INFO] Synchronizing motion states...
[INFO] Simulation initialized -> using Bullet Physics 3.26.
[INFO] Ready for running...
[INFO] Multithreading physics using 14 threads.
[INFO] IC problem solved with 1 iterations in 0.000117 s.
[MOTOR-TENDON] t=0.0003 motor=(0.0000 rad,0.0000 Hz,100.0000 Nm) dLmm=(0.0000,0.0000) Ldot=(0.0000,0.0000) F=(0.0000,0.0000) Jdeg=(0.0000,0.0000,0.0000,0.0000,0.0000) tau=(0.0000,0.0000,0.0000,0.0000,0.0000) residual=(0.0000,0.0000) safety=OK
[MOTOR-TENDON] t=0.0503 motor=(1.9364 rad,45.9613 Hz,-100.0000 Nm) dLmm=(-8.3938,-8.0589) Ldot=(8.8841,-7.3530) F=(-79.0346,-234.7088) Jdeg=(-40.5664,0.0676,14.6165,-6.6883,41.3815) tau=(8.1352,6.1268,4.0078,1.4729,-2.8849) residual=(0.0000,0.0000) safety=OK
[MOTOR-TENDON] t=0.1003 motor=(-3.3318 rad,15.7716 Hz,-100.0000 Nm) dLmm=(22.9047,-45.5280) Ldot=(4.6715,-0.4460) F=(504.8084,-915.0203) Jdeg=(-72.4001,16.1347,13.4415,-4.2238,72.4626) tau=(0.0000,0.0000,0.0000,0.0000,0.0000) residual=(0.0000,0.0000) safety=TRIPPED
[MOTOR-TENDON] t=0.1503 motor=(-1.4244 rad,-17.1607 Hz,100.0000 Nm) dLmm=(38.7505,-85.2152) Ldot=(-17.5512,24.1175) F=(599.4973,-1463.1300) Jdeg=(-84.3987,14.1415,31.3448,55.6412,82.8377) tau=(0.0000,0.0000,0.0000,0.0000,0.0000) residual=(0.0000,0.0000) safety=TRIPPED
[MOTOR-TENDON] t=0.2003 motor=(7.7380 rad,38.4172 Hz,100.0000 Nm) dLmm=(-101.9326,42.3976) Ldot=(-27.7223,2.7004) F=(-2315.8743,874.9562) Jdeg=(76.7550,6.0365,-10.9654,85.1175,82.8377) tau=(0.0000,0.0000,0.0000,0.0000,0.0000) residual=(0.0000,0.0000) safety=TRIPPED
[MOTOR-TENDON] t=0.2505 motor=(5.2638 rad,-38.4172 Hz,100.0000 Nm) dLmm=(-39.8161,-15.6258) Ldot=(7.3992,-2.9908) F=(-722.3303,-342.4241) Jdeg=(91.0789,-8.2875,3.3586,81.9040,82.8377) tau=(0.0000,0.0000,0.0000,0.0000,0.0000) residual=(0.0000,0.0000) safety=TRIPPED
[MOTOR-TENDON] t=0.3007 motor=(3.0311 rad,38.4172 Hz,-100.0000 Nm) dLmm=(-66.0302,17.3477) Ldot=(1.7879,-2.6559) F=(-1302.7253,320.3957) Jdeg=(76.7550,6.0365,-10.9654,81.9040,82.8377) tau=(0.0000,0.0000,0.0000,0.0000,0.0000) residual=(0.0000,0.0000) safety=TRIPPED
[MOTOR-TENDON] t=0.3510 motor=(5.5052 rad,38.4172 Hz,-100.0000 Nm) dLmm=(-42.4466,-9.7940) Ldot=(-0.4960,6.6009) F=(-853.8921,-129.8706) Jdeg=(91.0789,-8.2875,3.3586,79.5235,82.8377) tau=(0.0000,0.0000,0.0000,0.0000,0.0000) residual=(0.0000,0.0000) safety=TRIPPED
[MOTOR-TENDON] t=0.4012 motor=(7.4966 rad,-38.4172 Hz,100.0000 Nm) dLmm=(-99.5414,40.5834) Ldot=(-21.5204,-0.5823) F=(-2206.0316,805.8439) Jdeg=(76.7550,6.0365,-10.9654,86.3922,82.8377) tau=(0.0000,0.0000,0.0000,0.0000,0.0000) residual=(0.0000,0.0000) safety=TRIPPED
[MOTOR-TENDON] t=0.4515 motor=(5.0225 rad,-38.4172 Hz,100.0000 Nm) dLmm=(-37.8695,-19.5202) Ldot=(6.1457,-0.2414) F=(-695.9335,-392.8180) Jdeg=(91.0789,-8.2875,3.3586,82.8257,82.8377) tau=(0.0000,0.0000,0.0000,0.0000,0.0000) residual=(0.0000,0.0000) safety=TRIPPED
[MOTOR-TENDON] t=0.5017 motor=(3.2724 rad,38.4172 Hz,-100.0000 Nm) dLmm=(-59.0824,9.5183) Ldot=(3.0362,-3.8286) F=(-1151.2852,152.0802) Jdeg=(76.7550,6.0365,-10.9654,82.8257,82.8377) tau=(0.0000,0.0000,0.0000,0.0000,0.0000) residual=(0.0000,0.0000) safety=TRIPPED
[MOTOR-TENDON] t=0.5520 motor=(5.7466 rad,38.4172 Hz,-100.0000 Nm) dLmm=(-47.3169,-3.3362) Ldot=(-0.2364,6.9896) F=(-948.7011,3.1720) Jdeg=(91.0789,-8.2875,3.3586,80.2142,82.8377) tau=(0.0000,0.0000,0.0000,0.0000,0.0000) residual=(0.0000,0.0000) safety=TRIPPED
[MOTOR-TENDON] t=0.6022 motor=(7.2553 rad,-38.4172 Hz,100.0000 Nm) dLmm=(-92.0142,38.7452) Ldot=(-7.5522,3.1309) F=(-1915.8070,806.2130) Jdeg=(76.7550,6.0365,-10.9654,80.2142,82.8377) tau=(0.0000,0.0000,0.0000,0.0000,0.0000) residual=(0.0000,0.0000) safety=TRIPPED
[MOTOR-TENDON] t=0.6525 motor=(4.7811 rad,-38.4172 Hz,100.0000 Nm) dLmm=(-35.1834,-20.3526) Ldot=(2.1027,0.7404) F=(-682.6417,-399.6482) Jdeg=(91.0789,-8.2875,3.3586,78.2416,82.8377) tau=(0.0000,0.0000,0.0000,0.0000,0.0000) residual=(0.0000,0.0000) safety=TRIPPED
[MOTOR-TENDON] t=0.7027 motor=(3.5138 rad,38.4172 Hz,-100.0000 Nm) dLmm=(-53.3736,1.3204) Ldot=(-6.3077,-9.9753) F=(-1130.5490,-73.3448) Jdeg=(76.7550,6.0365,-10.9654,85.1175,82.8377) tau=(0.0000,0.0000,0.0000,0.0000,0.0000) residual=(0.0000,0.0000) safety=TRIPPED
[MOTOR-TENDON] t=0.7530 motor=(5.9880 rad,38.4172 Hz,-100.0000 Nm) dLmm=(-53.5442,3.6416) Ldot=(1.0206,7.1711) F=(-1060.6767,144.5437) Jdeg=(91.0789,-8.2875,3.3586,81.9040,82.8377) tau=(0.0000,0.0000,0.0000,0.0000,0.0000) residual=(0.0000,0.0000) safety=TRIPPED
[MOTOR-TENDON] t=0.8032 motor=(7.0139 rad,-38.4172 Hz,100.0000 Nm) dLmm=(-85.8283,33.9384) Ldot=(-4.1297,1.3810) F=(-1757.8623,692.5773) Jdeg=(76.7550,6.0365,-10.9654,81.9040,82.8377) tau=(0.0000,0.0000,0.0000,0.0000,0.0000) residual=(0.0000,0.0000) safety=TRIPPED
[MOTOR-TENDON] t=0.8535 motor=(4.5397 rad,-38.4172 Hz,100.0000 Nm) dLmm=(-35.9254,-20.1165) Ldot=(1.4161,3.2975) F=(-704.3470,-369.3556) Jdeg=(91.0789,-8.2875,3.3586,79.5235,82.8377) tau=(0.0000,0.0000,0.0000,0.0000,0.0000) residual=(0.0000,0.0000) safety=TRIPPED
[MOTOR-TENDON] t=0.9037 motor=(3.7552 rad,38.4172 Hz,-100.0000 Nm) dLmm=(-48.2332,-6.2984) Ldot=(-6.0810,-10.4300) F=(-1025.4743,-230.2684) Jdeg=(76.7550,6.0365,-10.9654,86.3922,82.8377) tau=(0.0000,0.0000,0.0000,0.0000,0.0000) residual=(0.0000,0.0000) safety=TRIPPED
[MOTOR-TENDON] t=0.9540 motor=(6.2294 rad,38.4172 Hz,-100.0000 Nm) dLmm=(-60.3076,10.9947) Ldot=(2.3541,6.6732) F=(-1182.6116,286.6269) Jdeg=(91.0789,-8.2875,3.3586,82.8257,82.8377) tau=(0.0000,0.0000,0.0000,0.0000,0.0000) residual=(0.0000,0.0000) safety=TRIPPED
[MOTOR-TENDON] t=1.0042 motor=(6.7725 rad,-38.4172 Hz,100.0000 Nm) dLmm=(-78.5566,28.0392) Ldot=(-1.3271,-0.3081) F=(-1584.4028,557.7033) Jdeg=(76.7550,6.0365,-10.9654,82.8257,82.8377) tau=(0.0000,0.0000,0.0000,0.0000,0.0000) residual=(0.0000,0.0000) safety=TRIPPED
[MOTOR-TENDON] t=1.0542 motor=(4.3587 rad,-38.4172 Hz,100.0000 Nm) dLmm=(-37.9349,-18.9593) Ldot=(-0.7080,2.9861) F=(-765.7783,-349.3258) Jdeg=(76.7550,6.0365,-10.9654,82.8257,82.8377) tau=(0.0000,0.0000,0.0000,0.0000,0.0000) residual=(0.0000,0.0000) safety=TRIPPED
[MOTOR-TENDON] t=1.1042 motor=(3.8759 rad,38.4172 Hz,-100.0000 Nm) dLmm=(-44.4992,-8.9451) Ldot=(4.0593,-4.9363) F=(-849.3898,-228.2641) Jdeg=(76.7550,6.0365,-10.9654,82.8257,82.8377) tau=(0.0000,0.0000,0.0000,0.0000,0.0000) residual=(0.0000,0.0000) safety=TRIPPED
[MOTOR-TENDON] t=1.1542 motor=(6.2897 rad,38.4172 Hz,-100.0000 Nm) dLmm=(-63.1575,13.9098) Ldot=(-11.3994,11.6600) F=(-1377.1431,394.7957) Jdeg=(76.7550,6.0365,-10.9654,82.8257,82.8377) tau=(0.0000,0.0000,0.0000,0.0000,0.0000) residual=(0.0000,0.0000) safety=TRIPPED
[MOTOR-TENDON] t=1.2042 motor=(6.7725 rad,-38.4172 Hz,100.0000 Nm) dLmm=(-78.5566,28.0392) Ldot=(-1.3271,-0.3081) F=(-1584.4028,557.7033) Jdeg=(76.7550,6.0365,-10.9654,82.8257,82.8377) tau=(0.0000,0.0000,0.0000,0.0000,0.0000) residual=(0.0000,0.0000) safety=TRIPPED
[MOTOR-TENDON] t=1.2543 motor=(4.3587 rad,-38.4172 Hz,100.0000 Nm) dLmm=(-37.9349,-18.9593) Ldot=(-0.7080,2.9861) F=(-765.7783,-349.3258) Jdeg=(76.7550,6.0365,-10.9654,82.8257,82.8377) tau=(0.0000,0.0000,0.0000,0.0000,0.0000) residual=(0.0000,0.0000) safety=TRIPPED
[MOTOR-TENDON] t=1.3043 motor=(3.8759 rad,38.4172 Hz,-100.0000 Nm) dLmm=(-44.4992,-8.9451) Ldot=(4.0593,-4.9363) F=(-849.3898,-228.2641) Jdeg=(76.7550,6.0365,-10.9654,82.8257,82.8377) tau=(0.0000,0.0000,0.0000,0.0000,0.0000) residual=(0.0000,0.0000) safety=TRIPPED
[MOTOR-TENDON] t=1.3543 motor=(6.2897 rad,38.4172 Hz,-100.0000 Nm) dLmm=(-63.1575,13.9098) Ldot=(-11.3994,11.6600) F=(-1377.1431,394.7957) Jdeg=(76.7550,6.0365,-10.9654,82.8257,82.8377) tau=(0.0000,0.0000,0.0000,0.0000,0.0000) residual=(0.0000,0.0000) safety=TRIPPED
[MOTOR-TENDON] t=1.4043 motor=(6.7725 rad,-38.4172 Hz,100.0000 Nm) dLmm=(-78.5566,28.0392) Ldot=(-1.3271,-0.3081) F=(-1584.4028,557.7033) Jdeg=(76.7550,6.0365,-10.9654,82.8257,82.8377) tau=(0.0000,0.0000,0.0000,0.0000,0.0000) residual=(0.0000,0.0000) safety=TRIPPED
[MOTOR-TENDON] t=1.4543 motor=(4.3587 rad,-38.4172 Hz,100.0000 Nm) dLmm=(-37.9349,-18.9593) Ldot=(-0.7080,2.9861) F=(-765.7783,-349.3258) Jdeg=(76.7550,6.0365,-10.9654,82.8257,82.8377) tau=(0.0000,0.0000,0.0000,0.0000,0.0000) residual=(0.0000,0.0000) safety=TRIPPED
[MOTOR-TENDON] t=1.5043 motor=(3.8759 rad,38.4172 Hz,-100.0000 Nm) dLmm=(-44.4992,-8.9451) Ldot=(4.0593,-4.9363) F=(-849.3898,-228.2641) Jdeg=(76.7550,6.0365,-10.9654,82.8257,82.8377) tau=(0.0000,0.0000,0.0000,0.0000,0.0000) residual=(0.0000,0.0000) safety=TRIPPED
[MOTOR-TENDON] t=1.5543 motor=(6.2897 rad,38.4172 Hz,-100.0000 Nm) dLmm=(-63.1575,13.9098) Ldot=(-11.3994,11.6600) F=(-1377.1431,394.7957) Jdeg=(76.7550,6.0365,-10.9654,82.8257,82.8377) tau=(0.0000,0.0000,0.0000,0.0000,0.0000) residual=(0.0000,0.0000) safety=TRIPPED
[MOTOR-TENDON] t=1.6043 motor=(6.7725 rad,-38.4172 Hz,100.0000 Nm) dLmm=(-78.5566,28.0392) Ldot=(-1.3271,-0.3081) F=(-1584.4028,557.7033) Jdeg=(76.7550,6.0365,-10.9654,82.8257,82.8377) tau=(0.0000,0.0000,0.0000,0.0000,0.0000) residual=(0.0000,0.0000) safety=TRIPPED
[MOTOR-TENDON] t=1.6543 motor=(4.3587 rad,-38.4172 Hz,100.0000 Nm) dLmm=(-37.9349,-18.9593) Ldot=(-0.7080,2.9861) F=(-765.7783,-349.3258) Jdeg=(76.7550,6.0365,-10.9654,82.8257,82.8377) tau=(0.0000,0.0000,0.0000,0.0000,0.0000) residual=(0.0000,0.0000) safety=TRIPPED
[MOTOR-TENDON] t=1.7043 motor=(3.8759 rad,38.4172 Hz,-100.0000 Nm) dLmm=(-44.4992,-8.9451) Ldot=(4.0593,-4.9363) F=(-849.3898,-228.2641) Jdeg=(76.7550,6.0365,-10.9654,82.8257,82.8377) tau=(0.0000,0.0000,0.0000,0.0000,0.0000) residual=(0.0000,0.0000) safety=TRIPPED
[MOTOR-TENDON] t=1.7543 motor=(6.2897 rad,38.4172 Hz,-100.0000 Nm) dLmm=(-63.1575,13.9098) Ldot=(-11.3994,11.6600) F=(-1377.1431,394.7957) Jdeg=(76.7550,6.0365,-10.9654,82.8257,82.8377) tau=(0.0000,0.0000,0.0000,0.0000,0.0000) residual=(0.0000,0.0000) safety=TRIPPED
[MOTOR-TENDON] t=1.8043 motor=(6.7725 rad,-38.4172 Hz,100.0000 Nm) dLmm=(-78.5566,28.0392) Ldot=(-1.3271,-0.3081) F=(-1584.4028,557.7033) Jdeg=(76.7550,6.0365,-10.9654,82.8257,82.8377) tau=(0.0000,0.0000,0.0000,0.0000,0.0000) residual=(0.0000,0.0000) safety=TRIPPED
[MOTOR-TENDON] t=1.8543 motor=(4.3587 rad,-38.4172 Hz,100.0000 Nm) dLmm=(-37.9349,-18.9593) Ldot=(-0.7080,2.9861) F=(-765.7783,-349.3258) Jdeg=(76.7550,6.0365,-10.9654,82.8257,82.8377) tau=(0.0000,0.0000,0.0000,0.0000,0.0000) residual=(0.0000,0.0000) safety=TRIPPED
[MOTOR-TENDON] t=1.9043 motor=(3.8759 rad,38.4172 Hz,-100.0000 Nm) dLmm=(-44.4992,-8.9451) Ldot=(4.0593,-4.9363) F=(-849.3898,-228.2641) Jdeg=(76.7550,6.0365,-10.9654,82.8257,82.8377) tau=(0.0000,0.0000,0.0000,0.0000,0.0000) residual=(0.0000,0.0000) safety=TRIPPED
[MOTOR-TENDON] t=1.9543 motor=(6.2897 rad,38.4172 Hz,-100.0000 Nm) dLmm=(-63.1575,13.9098) Ldot=(-11.3994,11.6600) F=(-1377.1431,394.7957) Jdeg=(76.7550,6.0365,-10.9654,82.8257,82.8377) tau=(0.0000,0.0000,0.0000,0.0000,0.0000) residual=(0.0000,0.0000) safety=TRIPPED
[MOTOR-TENDON] t=2.0043 motor=(6.7725 rad,-38.4172 Hz,100.0000 Nm) dLmm=(-78.5566,28.0392) Ldot=(-1.3271,-0.3081) F=(-1584.4028,557.7033) Jdeg=(76.7550,6.0365,-10.9654,82.8257,82.8377) tau=(0.0000,0.0000,0.0000,0.0000,0.0000) residual=(0.0000,0.0000) safety=TRIPPED
[MOTOR-TENDON] t=2.0545 motor=(4.2983 rad,-38.4172 Hz,100.0000 Nm) dLmm=(-37.7441,-17.6444) Ldot=(0.7633,5.2597) F=(-747.2493,-300.2906) Jdeg=(91.0789,-8.2875,3.3586,80.2142,82.8377) tau=(0.0000,0.0000,0.0000,0.0000,0.0000) residual=(0.0000,0.0000) safety=TRIPPED
[MOTOR-TENDON] t=2.1048 motor=(3.9966 rad,38.4172 Hz,-100.0000 Nm) dLmm=(-41.4308,-11.5275) Ldot=(3.9485,-4.7487) F=(-789.1309,-278.0368) Jdeg=(76.7550,6.0365,-10.9654,80.2142,82.8377) tau=(0.0000,0.0000,0.0000,0.0000,0.0000) residual=(0.0000,0.0000) safety=TRIPPED
[MOTOR-TENDON] t=2.1550 motor=(6.4708 rad,38.4172 Hz,-100.0000 Nm) dLmm=(-65.6440,19.1944) Ldot=(1.1713,4.0282) F=(-1301.1664,424.1694) Jdeg=(91.0789,-8.2875,3.3586,78.2416,82.8377) tau=(0.0000,0.0000,0.0000,0.0000,0.0000) residual=(0.0000,0.0000) safety=TRIPPED
[MOTOR-TENDON] t=2.2053 motor=(6.5311 rad,-38.4172 Hz,100.0000 Nm) dLmm=(-71.5887,20.8593) Ldot=(-9.2583,-7.2028) F=(-1524.3566,345.1586) Jdeg=(76.7550,6.0365,-10.9654,85.1175,82.8377) tau=(0.0000,0.0000,0.0000,0.0000,0.0000) residual=(0.0000,0.0000) safety=TRIPPED
[MOTOR-TENDON] t=2.2555 motor=(4.0569 rad,-38.4172 Hz,100.0000 Nm) dLmm=(-41.1793,-13.4882) Ldot=(1.0220,6.9818) F=(-813.3665,-199.9466) Jdeg=(91.0789,-8.2875,3.3586,81.9040,82.8377) tau=(0.0000,0.0000,0.0000,0.0000,0.0000) residual=(0.0000,0.0000) safety=TRIPPED
[MOTOR-TENDON] t=2.3058 motor=(4.2380 rad,38.4172 Hz,-100.0000 Nm) dLmm=(-38.7562,-16.9158) Ldot=(3.4476,-3.8992) F=(-740.6477,-377.3079) Jdeg=(76.7550,6.0365,-10.9654,81.9040,82.8377) tau=(0.0000,0.0000,0.0000,0.0000,0.0000) residual=(0.0000,0.0000) safety=TRIPPED
[MOTOR-TENDON] t=2.3560 motor=(6.7121 rad,38.4172 Hz,-100.0000 Nm) dLmm=(-73.3912,25.7006) Ldot=(3.6436,2.9240) F=(-1431.3893,543.2528) Jdeg=(91.0789,-8.2875,3.3586,79.5235,82.8377) tau=(0.0000,0.0000,0.0000,0.0000,0.0000) residual=(0.0000,0.0000) safety=TRIPPED
[MOTOR-TENDON] t=2.4063 motor=(6.2897 rad,-38.4172 Hz,100.0000 Nm) dLmm=(-64.4877,13.1810) Ldot=(-7.7614,-8.6564) F=(-1367.3681,177.0552) Jdeg=(76.7550,6.0365,-10.9654,86.3922,82.8377) tau=(0.0000,0.0000,0.0000,0.0000,0.0000) residual=(0.0000,0.0000) safety=TRIPPED
[MOTOR-TENDON] t=2.4565 motor=(3.8156 rad,-38.4172 Hz,100.0000 Nm) dLmm=(-45.5140,-7.7110) Ldot=(1.2615,7.8514) F=(-897.6645,-75.7062) Jdeg=(91.0789,-8.2875,3.3586,82.8257,82.8377) tau=(0.0000,0.0000,0.0000,0.0000,0.0000) residual=(0.0000,0.0000) safety=TRIPPED
[MOTOR-TENDON] t=2.5067 motor=(4.4794 rad,38.4172 Hz,-100.0000 Nm) dLmm=(-37.1077,-20.3123) Ldot=(2.6008,-2.4259) F=(-716.1464,-430.5053) Jdeg=(76.7550,6.0365,-10.9654,82.8257,82.8377) tau=(0.0000,0.0000,0.0000,0.0000,0.0000) residual=(0.0000,0.0000) safety=TRIPPED
[MOTOR-TENDON] t=2.5570 motor=(6.9535 rad,38.4172 Hz,-100.0000 Nm) dLmm=(-80.8030,31.4139) Ldot=(6.4752,1.4983) F=(-1551.3084,643.2614) Jdeg=(91.0789,-8.2875,3.3586,80.2142,82.8377) tau=(0.0000,0.0000,0.0000,0.0000,0.0000) residual=(0.0000,0.0000) safety=TRIPPED
[MOTOR-TENDON] t=2.6072 motor=(6.0483 rad,-38.4172 Hz,100.0000 Nm) dLmm=(-55.1957,6.6762) Ldot=(3.4157,-4.2269) F=(-1069.7574,91.2560) Jdeg=(76.7550,6.0365,-10.9654,80.2142,82.8377) tau=(0.0000,0.0000,0.0000,0.0000,0.0000) residual=(0.0000,0.0000) safety=TRIPPED
[MOTOR-TENDON] t=2.6575 motor=(3.5742 rad,-38.4172 Hz,100.0000 Nm) dLmm=(-48.9082,0.1172) Ldot=(-1.1275,6.3333) F=(-989.4386,65.6775) Jdeg=(91.0789,-8.2875,3.3586,78.2416,82.8377) tau=(0.0000,0.0000,0.0000,0.0000,0.0000) residual=(0.0000,0.0000) safety=TRIPPED
[MOTOR-TENDON] t=2.7077 motor=(4.7207 rad,38.4172 Hz,-100.0000 Nm) dLmm=(-37.3233,-21.8312) Ldot=(-8.6495,-5.7621) F=(-832.9616,-494.2451) Jdeg=(76.7550,6.0365,-10.9654,85.1175,82.8377) tau=(0.0000,0.0000,0.0000,0.0000,0.0000) residual=(0.0000,0.0000) safety=TRIPPED
[MOTOR-TENDON] t=2.7580 motor=(7.1949 rad,38.4172 Hz,-100.0000 Nm) dLmm=(-87.9323,35.7832) Ldot=(10.5362,0.3253) F=(-1653.2837,718.9157) Jdeg=(91.0789,-8.2875,3.3586,81.9040,82.8377) tau=(0.0000,0.0000,0.0000,0.0000,0.0000) residual=(0.0000,0.0000) safety=TRIPPED
[MOTOR-TENDON] t=2.8082 motor=(5.8070 rad,-38.4172 Hz,100.0000 Nm) dLmm=(-49.6356,-1.2789) Ldot=(3.9593,-4.8440) F=(-953.1192,-74.0191) Jdeg=(76.7550,6.0365,-10.9654,81.9040,82.8377) tau=(0.0000,0.0000,0.0000,0.0000,0.0000) residual=(0.0000,0.0000) safety=TRIPPED
[MOTOR-TENDON] t=2.8585 motor=(3.3328 rad,-38.4172 Hz,100.0000 Nm) dLmm=(-55.3556,7.3402) Ldot=(0.0053,6.1009) F=(-1107.0591,207.8138) Jdeg=(91.0789,-8.2875,3.3586,79.5235,82.8377) tau=(0.0000,0.0000,0.0000,0.0000,0.0000) residual=(0.0000,0.0000) safety=TRIPPED
[MOTOR-TENDON] t=2.9087 motor=(4.9621 rad,38.4172 Hz,-100.0000 Nm) dLmm=(-38.5323,-20.8856) Ldot=(-10.1585,-3.5295) F=(-872.2303,-453.0077) Jdeg=(76.7550,6.0365,-10.9654,86.3922,82.8377) tau=(0.0000,0.0000,0.0000,0.0000,0.0000) residual=(0.0000,0.0000) safety=TRIPPED
[MOTOR-TENDON] t=2.9590 motor=(7.4363 rad,38.4172 Hz,-100.0000 Nm) dLmm=(-93.4792,38.9587) Ldot=(14.7584,-1.0924) F=(-1721.9994,768.2505) Jdeg=(91.0789,-8.2875,3.3586,82.8257,82.8377) tau=(0.0000,0.0000,0.0000,0.0000,0.0000) residual=(0.0000,0.0000) safety=TRIPPED
[MOTOR-TENDON] t=3.0092 motor=(5.5656 rad,-38.4172 Hz,100.0000 Nm) dLmm=(-44.8146,-8.4937) Ldot=(4.0670,-4.9502) F=(-855.6231,-219.3756) Jdeg=(76.7550,6.0365,-10.9654,82.8257,82.8377) tau=(0.0000,0.0000,0.0000,0.0000,0.0000) residual=(0.0000,0.0000) safety=TRIPPED
[MOTOR-TENDON] t=3.0595 motor=(3.0914 rad,-38.4172 Hz,100.0000 Nm) dLmm=(-62.3135,14.7063) Ldot=(1.3502,5.3044) F=(-1232.7682,347.1707) Jdeg=(91.0789,-8.2875,3.3586,80.2142,82.8377) tau=(0.0000,0.0000,0.0000,0.0000,0.0000) residual=(0.0000,0.0000) safety=TRIPPED
[MOTOR-TENDON] t=3.1097 motor=(5.2035 rad,38.4172 Hz,-100.0000 Nm) dLmm=(-38.3250,-16.2960) Ldot=(-1.7023,4.3800) F=(-783.5236,-282.1193) Jdeg=(76.7550,6.0365,-10.9654,80.2142,82.8377) tau=(0.0000,0.0000,0.0000,0.0000,0.0000) residual=(0.0000,0.0000) safety=TRIPPED
[MOTOR-TENDON] t=3.1600 motor=(7.6777 rad,38.4172 Hz,-100.0000 Nm) dLmm=(-95.0020,41.7225) Ldot=(16.1134,-4.2601) F=(-1738.9064,791.8495) Jdeg=(91.0789,-8.2875,3.3586,78.2416,82.8377) tau=(0.0000,0.0000,0.0000,0.0000,0.0000) residual=(0.0000,0.0000) safety=TRIPPED
[MOTOR-TENDON] t=3.2102 motor=(5.3242 rad,-38.4172 Hz,100.0000 Nm) dLmm=(-41.6659,-14.8781) Ldot=(-6.3116,-9.8013) F=(-896.4335,-395.5762) Jdeg=(76.7550,6.0365,-10.9654,85.1175,82.8377) tau=(0.0000,0.0000,0.0000,0.0000,0.0000) residual=(0.0000,0.0000) safety=TRIPPED
[MOTOR-TENDON] t=3.2605 motor=(2.9707 rad,38.4172 Hz,-100.0000 Nm) dLmm=(-66.4772,18.0117) Ldot=(18.3002,-9.4133) F=(-1146.5417,266.1015) Jdeg=(91.0789,-8.2875,3.3586,81.9040,82.8377) tau=(0.0000,0.0000,0.0000,0.0000,0.0000) residual=(0.0000,0.0000) safety=TRIPPED
[MOTOR-TENDON] t=3.3107 motor=(5.4449 rad,38.4172 Hz,-100.0000 Nm) dLmm=(-42.3226,-11.4442) Ldot=(-3.6150,6.6968) F=(-882.6016,-161.9162) Jdeg=(76.7550,6.0365,-10.9654,81.9040,82.8377) tau=(0.0000,0.0000,0.0000,0.0000,0.0000) residual=(0.0000,0.0000) safety=TRIPPED
[MOTOR-TENDON] t=3.3610 motor=(7.5570 rad,-38.4172 Hz,100.0000 Nm) dLmm=(-94.1613,40.7289) Ldot=(21.9471,-6.9364) F=(-1663.7537,745.2148) Jdeg=(91.0789,-8.2875,3.3586,79.5235,82.8377) tau=(0.0000,0.0000,0.0000,0.0000,0.0000) residual=(0.0000,0.0000) safety=TRIPPED
[MOTOR-TENDON] t=3.4112 motor=(5.0828 rad,-38.4172 Hz,100.0000 Nm) dLmm=(-39.4060,-19.4599) Ldot=(-7.0291,-8.7946) F=(-858.4106,-477.1440) Jdeg=(76.7550,6.0365,-10.9654,86.3922,82.8377) tau=(0.0000,0.0000,0.0000,0.0000,0.0000) residual=(0.0000,0.0000) safety=TRIPPED
[MOTOR-TENDON] t=3.4615 motor=(3.2121 rad,38.4172 Hz,-100.0000 Nm) dLmm=(-59.8414,10.4754) Ldot=(16.5595,-8.7040) F=(-1031.2344,122.4689) Jdeg=(91.0789,-8.2875,3.3586,82.8257,82.8377) tau=(0.0000,0.0000,0.0000,0.0000,0.0000) residual=(0.0000,0.0000) safety=TRIPPED
[MOTOR-TENDON] t=3.5117 motor=(5.6863 rad,38.4172 Hz,-100.0000 Nm) dLmm=(-47.2578,-5.0836) Ldot=(-5.7056,8.6902) F=(-1002.2113,-14.7698) Jdeg=(76.7550,6.0365,-10.9654,82.8257,82.8377) tau=(0.0000,0.0000,0.0000,0.0000,0.0000) residual=(0.0000,0.0000) safety=TRIPPED
[MOTOR-TENDON] t=3.5620 motor=(7.3156 rad,-38.4172 Hz,100.0000 Nm) dLmm=(-90.1262,37.9625) Ldot=(22.8495,-7.9923) F=(-1574.0291,679.3262) Jdeg=(91.0789,-8.2875,3.3586,80.2142,82.8377) tau=(0.0000,0.0000,0.0000,0.0000,0.0000) residual=(0.0000,0.0000) safety=TRIPPED
[MOTOR-TENDON] t=3.6122 motor=(4.8414 rad,-38.4172 Hz,100.0000 Nm) dLmm=(-35.7091,-20.5377) Ldot=(2.1371,-1.6187) F=(-692.8108,-426.9402) Jdeg=(76.7550,6.0365,-10.9654,80.2142,82.8377) tau=(0.0000,0.0000,0.0000,0.0000,0.0000) residual=(0.0000,0.0000) safety=TRIPPED
[MOTOR-TENDON] t=3.6625 motor=(3.4535 rad,38.4172 Hz,-100.0000 Nm) dLmm=(-51.7967,3.8142) Ldot=(11.7702,-9.3011) F=(-918.2323,-16.7268) Jdeg=(91.0789,-8.2875,3.3586,78.2416,82.8377) tau=(0.0000,0.0000,0.0000,0.0000,0.0000) residual=(0.0000,0.0000) safety=TRIPPED
[MOTOR-TENDON] t=3.7127 motor=(5.9277 rad,38.4172 Hz,-100.0000 Nm) dLmm=(-53.7993,1.8489) Ldot=(-18.0190,4.9049) F=(-1256.1763,86.0262) Jdeg=(76.7550,6.0365,-10.9654,85.1175,82.8377) tau=(0.0000,0.0000,0.0000,0.0000,0.0000) residual=(0.0000,0.0000) safety=TRIPPED
[MOTOR-TENDON] t=3.7630 motor=(7.0742 rad,-38.4172 Hz,100.0000 Nm) dLmm=(-84.7958,33.5931) Ldot=(23.0820,-8.4349) F=(-1465.0970,587.5140) Jdeg=(91.0789,-8.2875,3.3586,81.9040,82.8377) tau=(0.0000,0.0000,0.0000,0.0000,0.0000) residual=(0.0000,0.0000) safety=TRIPPED
[MOTOR-TENDON] t=3.8132 motor=(4.6000 rad,-38.4172 Hz,100.0000 Nm) dLmm=(-36.2795,-20.9409) Ldot=(0.8495,0.5614) F=(-717.0943,-413.2045) Jdeg=(76.7550,6.0365,-10.9654,81.9040,82.8377) tau=(0.0000,0.0000,0.0000,0.0000,0.0000) residual=(0.0000,0.0000) safety=TRIPPED
[MOTOR-TENDON] t=3.8635 motor=(3.6949 rad,38.4172 Hz,-100.0000 Nm) dLmm=(-46.7130,-3.6909) Ldot=(10.1240,-7.6012) F=(-833.0195,-149.8296) Jdeg=(91.0789,-8.2875,3.3586,79.5235,82.8377) tau=(0.0000,0.0000,0.0000,0.0000,0.0000) residual=(0.0000,0.0000) safety=TRIPPED
[MOTOR-TENDON] t=3.9137 motor=(6.1690 rad,38.4172 Hz,-100.0000 Nm) dLmm=(-60.8962,9.3264) Ldot=(-20.3888,5.8549) F=(-1421.8118,245.0783) Jdeg=(76.7550,6.0365,-10.9654,86.3922,82.8377) tau=(0.0000,0.0000,0.0000,0.0000,0.0000) residual=(0.0000,0.0000) safety=TRIPPED
[MOTOR-TENDON] t=3.9640 motor=(6.8328 rad,-38.4172 Hz,100.0000 Nm) dLmm=(-78.2248,28.1163) Ldot=(22.1088,-8.7772) F=(-1343.4086,474.5528) Jdeg=(91.0789,-8.2875,3.3586,82.8257,82.8377) tau=(0.0000,0.0000,0.0000,0.0000,0.0000) residual=(0.0000,0.0000) safety=TRIPPED
[MOTOR-TENDON] t=4.0142 motor=(4.3587 rad,-38.4172 Hz,100.0000 Nm) dLmm=(-37.9349,-18.9593) Ldot=(-0.7080,2.9861) F=(-765.7783,-349.3258) Jdeg=(76.7550,6.0365,-10.9654,82.8257,82.8377) tau=(0.0000,0.0000,0.0000,0.0000,0.0000) residual=(0.0000,0.0000) safety=TRIPPED
[MOTOR-TENDON] t=4.0642 motor=(3.8759 rad,38.4172 Hz,-100.0000 Nm) dLmm=(-44.4992,-8.9451) Ldot=(4.0593,-4.9363) F=(-849.3898,-228.2641) Jdeg=(76.7550,6.0365,-10.9654,82.8257,82.8377) tau=(0.0000,0.0000,0.0000,0.0000,0.0000) residual=(0.0000,0.0000) safety=TRIPPED
[MOTOR-TENDON] t=4.1142 motor=(6.2897 rad,38.4172 Hz,-100.0000 Nm) dLmm=(-63.1575,13.9098) Ldot=(-11.3994,11.6600) F=(-1377.1431,394.7957) Jdeg=(76.7550,6.0365,-10.9654,82.8257,82.8377) tau=(0.0000,0.0000,0.0000,0.0000,0.0000) residual=(0.0000,0.0000) safety=TRIPPED
[MOTOR-TENDON] t=4.1642 motor=(6.7725 rad,-38.4172 Hz,100.0000 Nm) dLmm=(-78.5566,28.0392) Ldot=(-1.3271,-0.3081) F=(-1584.4028,557.7033) Jdeg=(76.7550,6.0365,-10.9654,82.8257,82.8377) tau=(0.0000,0.0000,0.0000,0.0000,0.0000) residual=(0.0000,0.0000) safety=TRIPPED
[MOTOR-TENDON] t=4.2142 motor=(4.3587 rad,-38.4172 Hz,100.0000 Nm) dLmm=(-37.9349,-18.9593) Ldot=(-0.7080,2.9861) F=(-765.7783,-349.3258) Jdeg=(76.7550,6.0365,-10.9654,82.8257,82.8377) tau=(0.0000,0.0000,0.0000,0.0000,0.0000) residual=(0.0000,0.0000) safety=TRIPPED
[MOTOR-TENDON] t=4.2642 motor=(3.8759 rad,38.4172 Hz,-100.0000 Nm) dLmm=(-44.4992,-8.9451) Ldot=(4.0593,-4.9363) F=(-849.3898,-228.2641) Jdeg=(76.7550,6.0365,-10.9654,82.8257,82.8377) tau=(0.0000,0.0000,0.0000,0.0000,0.0000) residual=(0.0000,0.0000) safety=TRIPPED
[MOTOR-TENDON] t=4.3142 motor=(6.2897 rad,38.4172 Hz,-100.0000 Nm) dLmm=(-63.1575,13.9098) Ldot=(-11.3994,11.6600) F=(-1377.1431,394.7957) Jdeg=(76.7550,6.0365,-10.9654,82.8257,82.8377) tau=(0.0000,0.0000,0.0000,0.0000,0.0000) residual=(0.0000,0.0000) safety=TRIPPED
[MOTOR-TENDON] t=4.3642 motor=(6.7725 rad,-38.4172 Hz,100.0000 Nm) dLmm=(-78.5566,28.0392) Ldot=(-1.3271,-0.3081) F=(-1584.4028,557.7033) Jdeg=(76.7550,6.0365,-10.9654,82.8257,82.8377) tau=(0.0000,0.0000,0.0000,0.0000,0.0000) residual=(0.0000,0.0000) safety=TRIPPED
[MOTOR-TENDON] t=4.4142 motor=(4.3587 rad,-38.4172 Hz,100.0000 Nm) dLmm=(-37.9349,-18.9593) Ldot=(-0.7080,2.9861) F=(-765.7783,-349.3258) Jdeg=(76.7550,6.0365,-10.9654,82.8257,82.8377) tau=(0.0000,0.0000,0.0000,0.0000,0.0000) residual=(0.0000,0.0000) safety=TRIPPED
[MOTOR-TENDON] t=4.4642 motor=(3.8759 rad,38.4172 Hz,-100.0000 Nm) dLmm=(-44.4992,-8.9451) Ldot=(4.0593,-4.9363) F=(-849.3898,-228.2641) Jdeg=(76.7550,6.0365,-10.9654,82.8257,82.8377) tau=(0.0000,0.0000,0.0000,0.0000,0.0000) residual=(0.0000,0.0000) safety=TRIPPED
[MOTOR-TENDON] t=4.5142 motor=(6.2897 rad,38.4172 Hz,-100.0000 Nm) dLmm=(-63.1575,13.9098) Ldot=(-11.3994,11.6600) F=(-1377.1431,394.7957) Jdeg=(76.7550,6.0365,-10.9654,82.8257,82.8377) tau=(0.0000,0.0000,0.0000,0.0000,0.0000) residual=(0.0000,0.0000) safety=TRIPPED
[MOTOR-TENDON] t=4.5642 motor=(6.7725 rad,-38.4172 Hz,100.0000 Nm) dLmm=(-78.5566,28.0392) Ldot=(-1.3271,-0.3081) F=(-1584.4028,557.7033) Jdeg=(76.7550,6.0365,-10.9654,82.8257,82.8377) tau=(0.0000,0.0000,0.0000,0.0000,0.0000) residual=(0.0000,0.0000) safety=TRIPPED
[MOTOR-TENDON] t=4.6142 motor=(4.3587 rad,-38.4172 Hz,100.0000 Nm) dLmm=(-37.9349,-18.9593) Ldot=(-0.7080,2.9861) F=(-765.7783,-349.3258) Jdeg=(76.7550,6.0365,-10.9654,82.8257,82.8377) tau=(0.0000,0.0000,0.0000,0.0000,0.0000) residual=(0.0000,0.0000) safety=TRIPPED
[MOTOR-TENDON] t=4.6642 motor=(3.8759 rad,38.4172 Hz,-100.0000 Nm) dLmm=(-44.4992,-8.9451) Ldot=(4.0593,-4.9363) F=(-849.3898,-228.2641) Jdeg=(76.7550,6.0365,-10.9654,82.8257,82.8377) tau=(0.0000,0.0000,0.0000,0.0000,0.0000) residual=(0.0000,0.0000) safety=TRIPPED
[MOTOR-TENDON] t=4.7143 motor=(6.2897 rad,38.4172 Hz,-100.0000 Nm) dLmm=(-63.1575,13.9098) Ldot=(-11.3994,11.6600) F=(-1377.1431,394.7957) Jdeg=(76.7550,6.0365,-10.9654,82.8257,82.8377) tau=(0.0000,0.0000,0.0000,0.0000,0.0000) residual=(0.0000,0.0000) safety=TRIPPED
[MOTOR-TENDON] t=4.7643 motor=(6.7725 rad,-38.4172 Hz,100.0000 Nm) dLmm=(-78.5566,28.0392) Ldot=(-1.3271,-0.3081) F=(-1584.4028,557.7033) Jdeg=(76.7550,6.0365,-10.9654,82.8257,82.8377) tau=(0.0000,0.0000,0.0000,0.0000,0.0000) residual=(0.0000,0.0000) safety=TRIPPED
[MOTOR-TENDON] t=4.8143 motor=(4.3587 rad,-38.4172 Hz,100.0000 Nm) dLmm=(-37.9349,-18.9593) Ldot=(-0.7080,2.9861) F=(-765.7783,-349.3258) Jdeg=(76.7550,6.0365,-10.9654,82.8257,82.8377) tau=(0.0000,0.0000,0.0000,0.0000,0.0000) residual=(0.0000,0.0000) safety=TRIPPED
[MOTOR-TENDON] t=4.8643 motor=(3.8759 rad,38.4172 Hz,-100.0000 Nm) dLmm=(-44.4992,-8.9451) Ldot=(4.0593,-4.9363) F=(-849.3898,-228.2641) Jdeg=(76.7550,6.0365,-10.9654,82.8257,82.8377) tau=(0.0000,0.0000,0.0000,0.0000,0.0000) residual=(0.0000,0.0000) safety=TRIPPED
[MOTOR-TENDON] t=4.9143 motor=(6.2897 rad,38.4172 Hz,-100.0000 Nm) dLmm=(-63.1575,13.9098) Ldot=(-11.3994,11.6600) F=(-1377.1431,394.7957) Jdeg=(76.7550,6.0365,-10.9654,82.8257,82.8377) tau=(0.0000,0.0000,0.0000,0.0000,0.0000) residual=(0.0000,0.0000) safety=TRIPPED
